  µ¡úσ£¿τí«σ«ÜΦªüΦ┐ÿσÄƒτÜäΘí╣τ¢«ΓÇª
D:\xiangmu\sprite\CockroachPet\CockroachPet\CockroachPet.csproj : warning NU1900: ΦÄ╖σÅûσîàµ╝Åµ┤₧µò░µì«µù╢σç║ΘöÖ: µùáµ│òσèáΦ╜╜µ║É https://repo.huaweicloud.com/repository/nuget/v3/index.json τÜäµ£ìσèíτ┤óσ╝òπÇé
D:\xiangmu\sprite\CockroachPet\CockroachPet\CockroachPet.csproj : warning NU1900: ΦÄ╖σÅûσîàµ╝Åµ┤₧µò░µì«µù╢σç║ΘöÖ: µùáµ│òσèáΦ╜╜µ║É https://api.nuget.org/v3/index.json τÜäµ£ìσèíτ┤óσ╝òπÇé
  µëÇµ£ëΘí╣τ¢«σ¥çµÿ»µ£Çµû░τÜä∩╝îµùáµ│òΦ┐ÿσÄƒπÇé
D:\xiangmu\sprite\CockroachPet\CockroachPet\CockroachPet.csproj : warning NU1900: ΦÄ╖σÅûσîàµ╝Åµ┤₧µò░µì«µù╢σç║ΘöÖ: µùáµ│òσèáΦ╜╜µ║É https://repo.huaweicloud.com/repository/nuget/v3/index.json τÜäµ£ìσèíτ┤óσ╝òπÇé
D:\xiangmu\sprite\CockroachPet\CockroachPet\CockroachPet.csproj : warning NU1900: ΦÄ╖σÅûσîàµ╝Åµ┤₧µò░µì«µù╢σç║ΘöÖ: µùáµ│òσèáΦ╜╜µ║É https://api.nuget.org/v3/index.json τÜäµ£ìσèíτ┤óσ╝òπÇé
D:\xiangmu\sprite\CockroachPet\CockroachPet\ControlPanelForm.cs(16,12): warning CS8618: σ£¿ΘÇÇσç║µ₧äΘÇáσç╜µò░µù╢∩╝îΣ╕ìσÅ»Σ╕║ null τÜä σ¡ùµ«╡ "_robotListView" σ┐àΘí╗σîàσÉ½Θ¥₧ null σÇ╝πÇéΦ»╖ΦÇâΦÖæµ╖╗σèá "required" Σ┐«ΘÑ░τ¼ªµêûσ░åΦ»Ñ σ¡ùµ«╡ σú░µÿÄΣ╕║σÅ»Σ╕║ nullπÇé [D:\xiangmu\sprite\CockroachPet\CockroachPet\CockroachPet.csproj]
D:\xiangmu\sprite\CockroachPet\CockroachPet\ControlPanelForm.cs(16,12): warning CS8618: σ£¿ΘÇÇσç║µ₧äΘÇáσç╜µò░µù╢∩╝îΣ╕ìσÅ»Σ╕║ null τÜä σ¡ùµ«╡ "_updateTimer" σ┐àΘí╗σîàσÉ½Θ¥₧ null σÇ╝πÇéΦ»╖ΦÇâΦÖæµ╖╗σèá "required" Σ┐«ΘÑ░τ¼ªµêûσ░åΦ»Ñ σ¡ùµ«╡ σú░µÿÄΣ╕║σÅ»Σ╕║ nullπÇé [D:\xiangmu\sprite\CockroachPet\CockroachPet\CockroachPet.csproj]
D:\xiangmu\sprite\CockroachPet\CockroachPet\SettingsForm.cs(23,12): warning CS8618: σ£¿ΘÇÇσç║µ₧äΘÇáσç╜µò░µù╢∩╝îΣ╕ìσÅ»Σ╕║ null τÜä σ¡ùµ«╡ "_countInput" σ┐àΘí╗σîàσÉ½Θ¥₧ null σÇ╝πÇéΦ»╖ΦÇâΦÖæµ╖╗σèá "required" Σ┐«ΘÑ░τ¼ªµêûσ░åΦ»Ñ σ¡ùµ«╡ σú░µÿÄΣ╕║σÅ»Σ╕║ nullπÇé [D:\xiangmu\sprite\CockroachPet\CockroachPet\CockroachPet.csproj]
D:\xiangmu\sprite\CockroachPet\CockroachPet\SettingsForm.cs(23,12): warning CS8618: σ£¿ΘÇÇσç║µ₧äΘÇáσç╜µò░µù╢∩╝îΣ╕ìσÅ»Σ╕║ null τÜä σ¡ùµ«╡ "_sizeInput" σ┐àΘí╗σîàσÉ½Θ¥₧ null σÇ╝πÇéΦ»╖ΦÇâΦÖæµ╖╗σèá "required" Σ┐«ΘÑ░τ¼ªµêûσ░åΦ»Ñ σ¡ùµ«╡ σú░µÿÄΣ╕║σÅ»Σ╕║ nullπÇé [D:\xiangmu\sprite\CockroachPet\CockroachPet\CockroachPet.csproj]
D:\xiangmu\sprite\CockroachPet\CockroachPet\SettingsForm.cs(23,12): warning CS8618: σ£¿ΘÇÇσç║µ₧äΘÇáσç╜µò░µù╢∩╝îΣ╕ìσÅ»Σ╕║ null τÜä σ¡ùµ«╡ "_speedInput" σ┐àΘí╗σîàσÉ½Θ¥₧ null σÇ╝πÇéΦ»╖ΦÇâΦÖæµ╖╗σèá "required" Σ┐«ΘÑ░τ¼ªµêûσ░åΦ»Ñ σ¡ùµ«╡ σú░µÿÄΣ╕║σÅ»Σ╕║ nullπÇé [D:\xiangmu\sprite\CockroachPet\CockroachPet\CockroachPet.csproj]
D:\xiangmu\sprite\CockroachPet\CockroachPet\ConPtyTerminal.cs(159,33): warning CS8625: µùáµ│òσ░å null σ¡ùΘ¥óΘçÅΦ╜¼µìóΣ╕║Θ¥₧ null τÜäσ╝òτö¿τ▒╗σ₧ïπÇé [D:\xiangmu\sprite\CockroachPet\CockroachPet\CockroachPet.csproj]
D:\xiangmu\sprite\CockroachPet\CockroachPet\ConPtyTerminal.cs(160,60): warning CS8625: µùáµ│òσ░å null σ¡ùΘ¥óΘçÅΦ╜¼µìóΣ╕║Θ¥₧ null τÜäσ╝òτö¿τ▒╗σ₧ïπÇé [D:\xiangmu\sprite\CockroachPet\CockroachPet\CockroachPet.csproj]
D:\xiangmu\sprite\CockroachPet\CockroachPet\TerminalManagerForm.cs(29,13): warning CS8618: σ£¿ΘÇÇσç║µ₧äΘÇáσç╜µò░µù╢∩╝îΣ╕ìσÅ»Σ╕║ null τÜä σ¡ùµ«╡ "_tabControl" σ┐àΘí╗σîàσÉ½Θ¥₧ null σÇ╝πÇéΦ»╖ΦÇâΦÖæµ╖╗σèá "required" Σ┐«ΘÑ░τ¼ªµêûσ░åΦ»Ñ σ¡ùµ«╡ σú░µÿÄΣ╕║σÅ»Σ╕║ nullπÇé [D:\xiangmu\sprite\CockroachPet\CockroachPet\CockroachPet.csproj]
D:\xiangmu\sprite\CockroachPet\CockroachPet\TerminalManagerForm.cs(29,13): warning CS8618: σ£¿ΘÇÇσç║µ₧äΘÇáσç╜µò░µù╢∩╝îΣ╕ìσÅ»Σ╕║ null τÜä σ¡ùµ«╡ "_worldChatPage" σ┐àΘí╗σîàσÉ½Θ¥₧ null σÇ╝πÇéΦ»╖ΦÇâΦÖæµ╖╗σèá "required" Σ┐«ΘÑ░τ¼ªµêûσ░åΦ»Ñ σ¡ùµ«╡ σú░µÿÄΣ╕║σÅ»Σ╕║ nullπÇé [D:\xiangmu\sprite\CockroachPet\CockroachPet\CockroachPet.csproj]
D:\xiangmu\sprite\CockroachPet\CockroachPet\TerminalManagerForm.cs(29,13): warning CS8618: σ£¿ΘÇÇσç║µ₧äΘÇáσç╜µò░µù╢∩╝îΣ╕ìσÅ»Σ╕║ null τÜä σ¡ùµ«╡ "_worldMessagePanel" σ┐àΘí╗σîàσÉ½Θ¥₧ null σÇ╝πÇéΦ»╖ΦÇâΦÖæµ╖╗σèá "required" Σ┐«ΘÑ░τ¼ªµêûσ░åΦ»Ñ σ¡ùµ«╡ σú░µÿÄΣ╕║σÅ»Σ╕║ nullπÇé [D:\xiangmu\sprite\CockroachPet\CockroachPet\CockroachPet.csproj]
D:\xiangmu\sprite\CockroachPet\CockroachPet\TerminalManagerForm.cs(29,13): warning CS8618: σ£¿ΘÇÇσç║µ₧äΘÇáσç╜µò░µù╢∩╝îΣ╕ìσÅ»Σ╕║ null τÜä σ¡ùµ«╡ "_titleUpdateTimer" σ┐àΘí╗σîàσÉ½Θ¥₧ null σÇ╝πÇéΦ»╖ΦÇâΦÖæµ╖╗σèá "required" Σ┐«ΘÑ░τ¼ªµêûσ░åΦ»Ñ σ¡ùµ«╡ σú░µÿÄΣ╕║σÅ»Σ╕║ nullπÇé [D:\xiangmu\sprite\CockroachPet\CockroachPet\CockroachPet.csproj]
D:\xiangmu\sprite\CockroachPet\CockroachPet\SettingsForm.cs(104,9): error CS0103: σ╜ôσëìΣ╕èΣ╕ïµûçΣ╕¡Σ╕ìσ¡ÿσ£¿σÉìτº░ΓÇ£_namingCheckΓÇ¥ [D:\xiangmu\sprite\CockroachPet\CockroachPet\CockroachPet.csproj]
D:\xiangmu\sprite\CockroachPet\CockroachPet\SettingsForm.cs(111,39): error CS0103: σ╜ôσëìΣ╕èΣ╕ïµûçΣ╕¡Σ╕ìσ¡ÿσ£¿σÉìτº░ΓÇ£_namingCheckΓÇ¥ [D:\xiangmu\sprite\CockroachPet\CockroachPet\CockroachPet.csproj]
D:\xiangmu\sprite\CockroachPet\CockroachPet\SettingsForm.cs(115,9): error CS0103: σ╜ôσëìΣ╕èΣ╕ïµûçΣ╕¡Σ╕ìσ¡ÿσ£¿σÉìτº░ΓÇ£_nameInputΓÇ¥ [D:\xiangmu\sprite\CockroachPet\CockroachPet\CockroachPet.csproj]
D:\xiangmu\sprite\CockroachPet\CockroachPet\SettingsForm.cs(123,39): error CS0103: σ╜ôσëìΣ╕èΣ╕ïµûçΣ╕¡Σ╕ìσ¡ÿσ£¿σÉìτº░ΓÇ£_nameInputΓÇ¥ [D:\xiangmu\sprite\CockroachPet\CockroachPet\CockroachPet.csproj]
D:\xiangmu\sprite\CockroachPet\CockroachPet\SettingsForm.cs(153,9): error CS0103: σ╜ôσëìΣ╕èΣ╕ïµûçΣ╕¡Σ╕ìσ¡ÿσ£¿σÉìτº░ΓÇ£_autoStartCheckΓÇ¥ [D:\xiangmu\sprite\CockroachPet\CockroachPet\CockroachPet.csproj]
D:\xiangmu\sprite\CockroachPet\CockroachPet\SettingsForm.cs(160,39): error CS0103: σ╜ôσëìΣ╕èΣ╕ïµûçΣ╕¡Σ╕ìσ¡ÿσ£¿σÉìτº░ΓÇ£_autoStartCheckΓÇ¥ [D:\xiangmu\sprite\CockroachPet\CockroachPet\CockroachPet.csproj]
D:\xiangmu\sprite\CockroachPet\CockroachPet\SettingsForm.cs(272,48): error CS0103: σ╜ôσëìΣ╕èΣ╕ïµûçΣ╕¡Σ╕ìσ¡ÿσ£¿σÉìτº░ΓÇ£_namingCheckΓÇ¥ [D:\xiangmu\sprite\CockroachPet\CockroachPet\CockroachPet.csproj]
D:\xiangmu\sprite\CockroachPet\CockroachPet\SettingsForm.cs(273,49): error CS0103: σ╜ôσëìΣ╕èΣ╕ïµûçΣ╕¡Σ╕ìσ¡ÿσ£¿σÉìτº░ΓÇ£_nameInputΓÇ¥ [D:\xiangmu\sprite\CockroachPet\CockroachPet\CockroachPet.csproj]
D:\xiangmu\sprite\CockroachPet\CockroachPet\SettingsForm.cs(276,47): error CS0103: σ╜ôσëìΣ╕èΣ╕ïµûçΣ╕¡Σ╕ìσ¡ÿσ£¿σÉìτº░ΓÇ£_autoStartCheckΓÇ¥ [D:\xiangmu\sprite\CockroachPet\CockroachPet\CockroachPet.csproj]
D:\xiangmu\sprite\CockroachPet\CockroachPet\SettingsForm.cs(289,28): error CS0103: σ╜ôσëìΣ╕èΣ╕ïµûçΣ╕¡Σ╕ìσ¡ÿσ£¿σÉìτº░ΓÇ£_namingCheckΓÇ¥ [D:\xiangmu\sprite\CockroachPet\CockroachPet\CockroachPet.csproj]
D:\xiangmu\sprite\CockroachPet\CockroachPet\SettingsForm.cs(290,21): error CS0103: σ╜ôσëìΣ╕èΣ╕ïµûçΣ╕¡Σ╕ìσ¡ÿσ£¿σÉìτº░ΓÇ£_nameInputΓÇ¥ [D:\xiangmu\sprite\CockroachPet\CockroachPet\CockroachPet.csproj]
D:\xiangmu\sprite\CockroachPet\CockroachPet\SettingsForm.cs(293,21): error CS0103: σ╜ôσëìΣ╕èΣ╕ïµûçΣ╕¡Σ╕ìσ¡ÿσ£¿σÉìτº░ΓÇ£_autoStartCheckΓÇ¥ [D:\xiangmu\sprite\CockroachPet\CockroachPet\CockroachPet.csproj]
D:\xiangmu\sprite\CockroachPet\CockroachPet\Robot.cs(798,27): warning CS8602: Φºúσ╝òτö¿σÅ»Φâ╜σç║τÄ░τ⌐║σ╝òτö¿πÇé [D:\xiangmu\sprite\CockroachPet\CockroachPet\CockroachPet.csproj]
D:\xiangmu\sprite\CockroachPet\CockroachPet\Robot.cs(856,34): warning CS4014: τö▒Σ║Äµ¡ñΦ░âτö¿Σ╕ìΣ╝Üτ¡ëσ╛à∩╝îσ¢áµ¡ñσ£¿µ¡ñΦ░âτö¿σ«îµêÉΣ╣ïσëìσ░åΣ╝Üτ╗ºτ╗¡µëºΦíîσ╜ôσëìµû╣µ│òπÇéΦ»╖ΦÇâΦÖæσ░å "await" Φ┐Éτ«ùτ¼ªσ║öτö¿Σ║ÄΦ░âτö¿τ╗ôµ₧£πÇé [D:\xiangmu\sprite\CockroachPet\CockroachPet\CockroachPet.csproj]
D:\xiangmu\sprite\CockroachPet\CockroachPet\ConPtyTerminal.cs(119,32): warning CS0067: Σ╗ÄΣ╕ìΣ╜┐τö¿Σ║ïΣ╗╢ΓÇ£ConPtyTerminal.ExitedΓÇ¥ [D:\xiangmu\sprite\CockroachPet\CockroachPet\CockroachPet.csproj]
D:\xiangmu\sprite\CockroachPet\CockroachPet\EmbeddedTerminal.cs(46,18): warning CS0414: σ¡ùµ«╡ΓÇ£EmbeddedTerminal._isRunningΓÇ¥σ╖▓Φó½Φ╡ïσÇ╝∩╝îΣ╜åΣ╗Äµ£¬Σ╜┐τö¿Φ┐çσ«âτÜäσÇ╝ [D:\xiangmu\sprite\CockroachPet\CockroachPet\CockroachPet.csproj]

τöƒµêÉσñ▒Φ┤ÑπÇé

D:\xiangmu\sprite\CockroachPet\CockroachPet\CockroachPet.csproj : warning NU1900: ΦÄ╖σÅûσîàµ╝Åµ┤₧µò░µì«µù╢σç║ΘöÖ: µùáµ│òσèáΦ╜╜µ║É https://repo.huaweicloud.com/repository/nuget/v3/index.json τÜäµ£ìσèíτ┤óσ╝òπÇé
D:\xiangmu\sprite\CockroachPet\CockroachPet\CockroachPet.csproj : warning NU1900: ΦÄ╖σÅûσîàµ╝Åµ┤₧µò░µì«µù╢σç║ΘöÖ: µùáµ│òσèáΦ╜╜µ║É https://api.nuget.org/v3/index.json τÜäµ£ìσèíτ┤óσ╝òπÇé
D:\xiangmu\sprite\CockroachPet\CockroachPet\CockroachPet.csproj : warning NU1900: ΦÄ╖σÅûσîàµ╝Åµ┤₧µò░µì«µù╢σç║ΘöÖ: µùáµ│òσèáΦ╜╜µ║É https://repo.huaweicloud.com/repository/nuget/v3/index.json τÜäµ£ìσèíτ┤óσ╝òπÇé
D:\xiangmu\sprite\CockroachPet\CockroachPet\CockroachPet.csproj : warning NU1900: ΦÄ╖σÅûσîàµ╝Åµ┤₧µò░µì«µù╢σç║ΘöÖ: µùáµ│òσèáΦ╜╜µ║É https://api.nuget.org/v3/index.json τÜäµ£ìσèíτ┤óσ╝òπÇé
D:\xiangmu\sprite\CockroachPet\CockroachPet\ControlPanelForm.cs(16,12): warning CS8618: σ£¿ΘÇÇσç║µ₧äΘÇáσç╜µò░µù╢∩╝îΣ╕ìσÅ»Σ╕║ null τÜä σ¡ùµ«╡ "_robotListView" σ┐àΘí╗σîàσÉ½Θ¥₧ null σÇ╝πÇéΦ»╖ΦÇâΦÖæµ╖╗σèá "required" Σ┐«ΘÑ░τ¼ªµêûσ░åΦ»Ñ σ¡ùµ«╡ σú░µÿÄΣ╕║σÅ»Σ╕║ nullπÇé [D:\xiangmu\sprite\CockroachPet\CockroachPet\CockroachPet.csproj]
D:\xiangmu\sprite\CockroachPet\CockroachPet\ControlPanelForm.cs(16,12): warning CS8618: σ£¿ΘÇÇσç║µ₧äΘÇáσç╜µò░µù╢∩╝îΣ╕ìσÅ»Σ╕║ null τÜä σ¡ùµ«╡ "_updateTimer" σ┐àΘí╗σîàσÉ½Θ¥₧ null σÇ╝πÇéΦ»╖ΦÇâΦÖæµ╖╗σèá "required" Σ┐«ΘÑ░τ¼ªµêûσ░åΦ»Ñ σ¡ùµ«╡ σú░µÿÄΣ╕║σÅ»Σ╕║ nullπÇé [D:\xiangmu\sprite\CockroachPet\CockroachPet\CockroachPet.csproj]
D:\xiangmu\sprite\CockroachPet\CockroachPet\SettingsForm.cs(23,12): warning CS8618: σ£¿ΘÇÇσç║µ₧äΘÇáσç╜µò░µù╢∩╝îΣ╕ìσÅ»Σ╕║ null τÜä σ¡ùµ«╡ "_countInput" σ┐àΘí╗σîàσÉ½Θ¥₧ null σÇ╝πÇéΦ»╖ΦÇâΦÖæµ╖╗σèá "required" Σ┐«ΘÑ░τ¼ªµêûσ░åΦ»Ñ σ¡ùµ«╡ σú░µÿÄΣ╕║σÅ»Σ╕║ nullπÇé [D:\xiangmu\sprite\CockroachPet\CockroachPet\CockroachPet.csproj]
D:\xiangmu\sprite\CockroachPet\CockroachPet\SettingsForm.cs(23,12): warning CS8618: σ£¿ΘÇÇσç║µ₧äΘÇáσç╜µò░µù╢∩╝îΣ╕ìσÅ»Σ╕║ null τÜä σ¡ùµ«╡ "_sizeInput" σ┐àΘí╗σîàσÉ½Θ¥₧ null σÇ╝πÇéΦ»╖ΦÇâΦÖæµ╖╗σèá "required" Σ┐«ΘÑ░τ¼ªµêûσ░åΦ»Ñ σ¡ùµ«╡ σú░µÿÄΣ╕║σÅ»Σ╕║ nullπÇé [D:\xiangmu\sprite\CockroachPet\CockroachPet\CockroachPet.csproj]
D:\xiangmu\sprite\CockroachPet\CockroachPet\SettingsForm.cs(23,12): warning CS8618: σ£¿ΘÇÇσç║µ₧äΘÇáσç╜µò░µù╢∩╝îΣ╕ìσÅ»Σ╕║ null τÜä σ¡ùµ«╡ "_speedInput" σ┐àΘí╗σîàσÉ½Θ¥₧ null σÇ╝πÇéΦ»╖ΦÇâΦÖæµ╖╗σèá "required" Σ┐«ΘÑ░τ¼ªµêûσ░åΦ»Ñ σ¡ùµ«╡ σú░µÿÄΣ╕║σÅ»Σ╕║ nullπÇé [D:\xiangmu\sprite\CockroachPet\CockroachPet\CockroachPet.csproj]
D:\xiangmu\sprite\CockroachPet\CockroachPet\ConPtyTerminal.cs(159,33): warning CS8625: µùáµ│òσ░å null σ¡ùΘ¥óΘçÅΦ╜¼µìóΣ╕║Θ¥₧ null τÜäσ╝òτö¿τ▒╗σ₧ïπÇé [D:\xiangmu\sprite\CockroachPet\CockroachPet\CockroachPet.csproj]
D:\xiangmu\sprite\CockroachPet\CockroachPet\ConPtyTerminal.cs(160,60): warning CS8625: µùáµ│òσ░å null σ¡ùΘ¥óΘçÅΦ╜¼µìóΣ╕║Θ¥₧ null τÜäσ╝òτö¿τ▒╗σ₧ïπÇé [D:\xiangmu\sprite\CockroachPet\CockroachPet\CockroachPet.csproj]
D:\xiangmu\sprite\CockroachPet\CockroachPet\TerminalManagerForm.cs(29,13): warning CS8618: σ£¿ΘÇÇσç║µ₧äΘÇáσç╜µò░µù╢∩╝îΣ╕ìσÅ»Σ╕║ null τÜä σ¡ùµ«╡ "_tabControl" σ┐àΘí╗σîàσÉ½Θ¥₧ null σÇ╝πÇéΦ»╖ΦÇâΦÖæµ╖╗σèá "required" Σ┐«ΘÑ░τ¼ªµêûσ░åΦ»Ñ σ¡ùµ«╡ σú░µÿÄΣ╕║σÅ»Σ╕║ nullπÇé [D:\xiangmu\sprite\CockroachPet\CockroachPet\CockroachPet.csproj]
D:\xiangmu\sprite\CockroachPet\CockroachPet\TerminalManagerForm.cs(29,13): warning CS8618: σ£¿ΘÇÇσç║µ₧äΘÇáσç╜µò░µù╢∩╝îΣ╕ìσÅ»Σ╕║ null τÜä σ¡ùµ«╡ "_worldChatPage" σ┐àΘí╗σîàσÉ½Θ¥₧ null σÇ╝πÇéΦ»╖ΦÇâΦÖæµ╖╗σèá "required" Σ┐«ΘÑ░τ¼ªµêûσ░åΦ»Ñ σ¡ùµ«╡ σú░µÿÄΣ╕║σÅ»Σ╕║ nullπÇé [D:\xiangmu\sprite\CockroachPet\CockroachPet\CockroachPet.csproj]
D:\xiangmu\sprite\CockroachPet\CockroachPet\TerminalManagerForm.cs(29,13): warning CS8618: σ£¿ΘÇÇσç║µ₧äΘÇáσç╜µò░µù╢∩╝îΣ╕ìσÅ»Σ╕║ null τÜä σ¡ùµ«╡ "_worldMessagePanel" σ┐àΘí╗σîàσÉ½Θ¥₧ null σÇ╝πÇéΦ»╖ΦÇâΦÖæµ╖╗σèá "required" Σ┐«ΘÑ░τ¼ªµêûσ░åΦ»Ñ σ¡ùµ«╡ σú░µÿÄΣ╕║σÅ»Σ╕║ nullπÇé [D:\xiangmu\sprite\CockroachPet\CockroachPet\CockroachPet.csproj]
D:\xiangmu\sprite\CockroachPet\CockroachPet\TerminalManagerForm.cs(29,13): warning CS8618: σ£¿ΘÇÇσç║µ₧äΘÇáσç╜µò░µù╢∩╝îΣ╕ìσÅ»Σ╕║ null τÜä σ¡ùµ«╡ "_titleUpdateTimer" σ┐àΘí╗σîàσÉ½Θ¥₧ null σÇ╝πÇéΦ»╖ΦÇâΦÖæµ╖╗σèá "required" Σ┐«ΘÑ░τ¼ªµêûσ░åΦ»Ñ σ¡ùµ«╡ σú░µÿÄΣ╕║σÅ»Σ╕║ nullπÇé [D:\xiangmu\sprite\CockroachPet\CockroachPet\CockroachPet.csproj]
D:\xiangmu\sprite\CockroachPet\CockroachPet\Robot.cs(798,27): warning CS8602: Φºúσ╝òτö¿σÅ»Φâ╜σç║τÄ░τ⌐║σ╝òτö¿πÇé [D:\xiangmu\sprite\CockroachPet\CockroachPet\CockroachPet.csproj]
D:\xiangmu\sprite\CockroachPet\CockroachPet\Robot.cs(856,34): warning CS4014: τö▒Σ║Äµ¡ñΦ░âτö¿Σ╕ìΣ╝Üτ¡ëσ╛à∩╝îσ¢áµ¡ñσ£¿µ¡ñΦ░âτö¿σ«îµêÉΣ╣ïσëìσ░åΣ╝Üτ╗ºτ╗¡µëºΦíîσ╜ôσëìµû╣µ│òπÇéΦ»╖ΦÇâΦÖæσ░å "await" Φ┐Éτ«ùτ¼ªσ║öτö¿Σ║ÄΦ░âτö¿τ╗ôµ₧£πÇé [D:\xiangmu\sprite\CockroachPet\CockroachPet\CockroachPet.csproj]
D:\xiangmu\sprite\CockroachPet\CockroachPet\ConPtyTerminal.cs(119,32): warning CS0067: Σ╗ÄΣ╕ìΣ╜┐τö¿Σ║ïΣ╗╢ΓÇ£ConPtyTerminal.ExitedΓÇ¥ [D:\xiangmu\sprite\CockroachPet\CockroachPet\CockroachPet.csproj]
D:\xiangmu\sprite\CockroachPet\CockroachPet\EmbeddedTerminal.cs(46,18): warning CS0414: σ¡ùµ«╡ΓÇ£EmbeddedTerminal._isRunningΓÇ¥σ╖▓Φó½Φ╡ïσÇ╝∩╝îΣ╜åΣ╗Äµ£¬Σ╜┐τö¿Φ┐çσ«âτÜäσÇ╝ [D:\xiangmu\sprite\CockroachPet\CockroachPet\CockroachPet.csproj]
D:\xiangmu\sprite\CockroachPet\CockroachPet\SettingsForm.cs(104,9): error CS0103: σ╜ôσëìΣ╕èΣ╕ïµûçΣ╕¡Σ╕ìσ¡ÿσ£¿σÉìτº░ΓÇ£_namingCheckΓÇ¥ [D:\xiangmu\sprite\CockroachPet\CockroachPet\CockroachPet.csproj]
D:\xiangmu\sprite\CockroachPet\CockroachPet\SettingsForm.cs(111,39): error CS0103: σ╜ôσëìΣ╕èΣ╕ïµûçΣ╕¡Σ╕ìσ¡ÿσ£¿σÉìτº░ΓÇ£_namingCheckΓÇ¥ [D:\xiangmu\sprite\CockroachPet\CockroachPet\CockroachPet.csproj]
D:\xiangmu\sprite\CockroachPet\CockroachPet\SettingsForm.cs(115,9): error CS0103: σ╜ôσëìΣ╕èΣ╕ïµûçΣ╕¡Σ╕ìσ¡ÿσ£¿σÉìτº░ΓÇ£_nameInputΓÇ¥ [D:\xiangmu\sprite\CockroachPet\CockroachPet\CockroachPet.csproj]
D:\xiangmu\sprite\CockroachPet\CockroachPet\SettingsForm.cs(123,39): error CS0103: σ╜ôσëìΣ╕èΣ╕ïµûçΣ╕¡Σ╕ìσ¡ÿσ£¿σÉìτº░ΓÇ£_nameInputΓÇ¥ [D:\xiangmu\sprite\CockroachPet\CockroachPet\CockroachPet.csproj]
D:\xiangmu\sprite\CockroachPet\CockroachPet\SettingsForm.cs(153,9): error CS0103: σ╜ôσëìΣ╕èΣ╕ïµûçΣ╕¡Σ╕ìσ¡ÿσ£¿σÉìτº░ΓÇ£_autoStartCheckΓÇ¥ [D:\xiangmu\sprite\CockroachPet\CockroachPet\CockroachPet.csproj]
D:\xiangmu\sprite\CockroachPet\CockroachPet\SettingsForm.cs(160,39): error CS0103: σ╜ôσëìΣ╕èΣ╕ïµûçΣ╕¡Σ╕ìσ¡ÿσ£¿σÉìτº░ΓÇ£_autoStartCheckΓÇ¥ [D:\xiangmu\sprite\CockroachPet\CockroachPet\CockroachPet.csproj]
D:\xiangmu\sprite\CockroachPet\CockroachPet\SettingsForm.cs(272,48): error CS0103: σ╜ôσëìΣ╕èΣ╕ïµûçΣ╕¡Σ╕ìσ¡ÿσ£¿σÉìτº░ΓÇ£_namingCheckΓÇ¥ [D:\xiangmu\sprite\CockroachPet\CockroachPet\CockroachPet.csproj]
D:\xiangmu\sprite\CockroachPet\CockroachPet\SettingsForm.cs(273,49): error CS0103: σ╜ôσëìΣ╕èΣ╕ïµûçΣ╕¡Σ╕ìσ¡ÿσ£¿σÉìτº░ΓÇ£_nameInputΓÇ¥ [D:\xiangmu\sprite\CockroachPet\CockroachPet\CockroachPet.csproj]
D:\xiangmu\sprite\CockroachPet\CockroachPet\SettingsForm.cs(276,47): error CS0103: σ╜ôσëìΣ╕èΣ╕ïµûçΣ╕¡Σ╕ìσ¡ÿσ£¿σÉìτº░ΓÇ£_autoStartCheckΓÇ¥ [D:\xiangmu\sprite\CockroachPet\CockroachPet\CockroachPet.csproj]
D:\xiangmu\sprite\CockroachPet\CockroachPet\SettingsForm.cs(289,28): error CS0103: σ╜ôσëìΣ╕èΣ╕ïµûçΣ╕¡Σ╕ìσ¡ÿσ£¿σÉìτº░ΓÇ£_namingCheckΓÇ¥ [D:\xiangmu\sprite\CockroachPet\CockroachPet\CockroachPet.csproj]
D:\xiangmu\sprite\CockroachPet\CockroachPet\SettingsForm.cs(290,21): error CS0103: σ╜ôσëìΣ╕èΣ╕ïµûçΣ╕¡Σ╕ìσ¡ÿσ£¿σÉìτº░ΓÇ£_nameInputΓÇ¥ [D:\xiangmu\sprite\CockroachPet\CockroachPet\CockroachPet.csproj]
D:\xiangmu\sprite\CockroachPet\CockroachPet\SettingsForm.cs(293,21): error CS0103: σ╜ôσëìΣ╕èΣ╕ïµûçΣ╕¡Σ╕ìσ¡ÿσ£¿σÉìτº░ΓÇ£_autoStartCheckΓÇ¥ [D:\xiangmu\sprite\CockroachPet\CockroachPet\CockroachPet.csproj]
    19 Σ╕¬Φ¡ªσæè
    12 Σ╕¬ΘöÖΦ»»

σ╖▓τö¿µù╢Θù┤ 00:00:02.93
